   Compiling btc5m-bot v0.1.0 (/Users/azharuddinarrosis/Developments/poly/btc5m-v02/bot)
    Finished `dev` profile [unoptimized + debuginfo] target(s) in 3.52s
     Running `target/debug/btc5m-bot`
[INIT] No state.json found, starting fresh
BTC 5m Forward Bot API running on http://0.0.0.0:8082
[REALTIME] 1776334800 | UP: 72.0c | DOWN: 27.0c | T-283s | ACTIVE
[AUTO] 🔥 EXECUTED Yes order for btc-updown-5m-1776334800 at 72.0%
[REALTIME] 1776335100 | UP: 50.0c | DOWN: 49.0c | T-583s | ACTIVE
[REALTIME] 1776335400 | UP: 50.0c | DOWN: 49.0c | T-883s | ACTIVE
[REALTIME] 1776334800 | UP: 72.0c | DOWN: 27.0c | T-282s | ACTIVE
[REALTIME] 1776335100 | UP: 50.0c | DOWN: 49.0c | T-582s | ACTIVE
[REALTIME] 1776335400 | UP: 50.0c | DOWN: 49.0c | T-882s | ACTIVE
[REALTIME] 1776334800 | UP: 72.0c | DOWN: 27.0c | T-282s | ACTIVE
[REALTIME] 1776335100 | UP: 50.0c | DOWN: 48.0c | T-582s | ACTIVE
[REALTIME] 1776335400 | UP: 50.0c | DOWN: 49.0c | T-882s | ACTIVE
[REALTIME] 1776334800 | UP: 72.0c | DOWN: 27.0c | T-281s | ACTIVE
[REALTIME] 1776335100 | UP: 50.0c | DOWN: 48.0c | T-581s | ACTIVE
[REALTIME] 1776335400 | UP: 50.0c | DOWN: 49.0c | T-881s | ACTIVE
[REALTIME] 1776334800 | UP: 73.0c | DOWN: 26.0c | T-281s | ACTIVE
[REALTIME] 1776335100 | UP: 50.0c | DOWN: 48.0c | T-581s | ACTIVE
[REALTIME] 1776335400 | UP: 50.0c | DOWN: 49.0c | T-881s | ACTIVE
[REALTIME] 1776334800 | UP: 74.0c | DOWN: 25.0c | T-280s | ACTIVE
[REALTIME] 1776335100 | UP: 50.0c | DOWN: 48.0c | T-580s | ACTIVE
[REALTIME] 1776335400 | UP: 50.0c | DOWN: 49.0c | T-880s | ACTIVE
[REALTIME] 1776334800 | UP: 74.0c | DOWN: 25.0c | T-280s | ACTIVE
[REALTIME] 1776335100 | UP: 50.0c | DOWN: 48.0c | T-580s | ACTIVE
[REALTIME] 1776335400 | UP: 50.0c | DOWN: 49.0c | T-880s | ACTIVE
[REALTIME] 1776334800 | UP: 74.0c | DOWN: 25.0c | T-279s | ACTIVE
[REALTIME] 1776335100 | UP: 51.0c | DOWN: 48.0c | T-579s | ACTIVE
[REALTIME] 1776335400 | UP: 50.0c | DOWN: 49.0c | T-879s | ACTIVE
[REALTIME] 1776334800 | UP: 74.0c | DOWN: 25.0c | T-279s | ACTIVE
[REALTIME] 1776335100 | UP: 51.0c | DOWN: 48.0c | T-579s | ACTIVE
[REALTIME] 1776335400 | UP: 50.0c | DOWN: 49.0c | T-879s | ACTIVE
[REALTIME] 1776334800 | UP: 74.0c | DOWN: 25.0c | T-278s | ACTIVE
[REALTIME] 1776335100 | UP: 51.0c | DOWN: 48.0c | T-578s | ACTIVE
[REALTIME] 1776335400 | UP: 50.0c | DOWN: 49.0c | T-878s | ACTIVE
[REALTIME] 1776334800 | UP: 74.0c | DOWN: 24.0c | T-278s | ACTIVE
[REALTIME] 1776335100 | UP: 51.0c | DOWN: 48.0c | T-578s | ACTIVE
[REALTIME] 1776335400 | UP: 50.0c | DOWN: 49.0c | T-878s | ACTIVE
[REALTIME] 1776334800 | UP: 76.0c | DOWN: 22.0c | T-277s | ACTIVE
[REALTIME] 1776335100 | UP: 51.0c | DOWN: 48.0c | T-577s | ACTIVE
[REALTIME] 1776335400 | UP: 50.0c | DOWN: 49.0c | T-877s | ACTIVE
[REALTIME] 1776334800 | UP: 78.0c | DOWN: 21.0c | T-277s | ACTIVE
[REALTIME] 1776335100 | UP: 51.0c | DOWN: 48.0c | T-577s | ACTIVE
[REALTIME] 1776335400 | UP: 50.0c | DOWN: 49.0c | T-877s | ACTIVE
[REALTIME] 1776334800 | UP: 78.0c | DOWN: 21.0c | T-276s | ACTIVE
[REALTIME] 1776335100 | UP: 51.0c | DOWN: 48.0c | T-576s | ACTIVE
[REALTIME] 1776335400 | UP: 50.0c | DOWN: 49.0c | T-876s | ACTIVE
[REALTIME] 1776334800 | UP: 78.0c | DOWN: 21.0c | T-276s | ACTIVE
[REALTIME] 1776335100 | UP: 51.0c | DOWN: 48.0c | T-576s | ACTIVE
[REALTIME] 1776335400 | UP: 50.0c | DOWN: 49.0c | T-876s | ACTIVE
[REALTIME] 1776334800 | UP: 78.0c | DOWN: 21.0c | T-275s | ACTIVE
[REALTIME] 1776335100 | UP: 51.0c | DOWN: 48.0c | T-575s | ACTIVE
[REALTIME] 1776335400 | UP: 50.0c | DOWN: 49.0c | T-875s | ACTIVE
[REALTIME] 1776334800 | UP: 76.0c | DOWN: 21.0c | T-275s | ACTIVE
[REALTIME] 1776335100 | UP: 51.0c | DOWN: 48.0c | T-575s | ACTIVE
[REALTIME] 1776335400 | UP: 50.0c | DOWN: 49.0c | T-875s | ACTIVE
[REALTIME] 1776334800 | UP: 74.0c | DOWN: 25.0c | T-274s | ACTIVE
[REALTIME] 1776335100 | UP: 51.0c | DOWN: 48.0c | T-574s | ACTIVE
[REALTIME] 1776335400 | UP: 50.0c | DOWN: 49.0c | T-874s | ACTIVE
[REALTIME] 1776334800 | UP: 73.0c | DOWN: 26.0c | T-274s | ACTIVE
[REALTIME] 1776335100 | UP: 51.0c | DOWN: 48.0c | T-574s | ACTIVE
[REALTIME] 1776335400 | UP: 50.0c | DOWN: 49.0c | T-874s | ACTIVE
[REALTIME] 1776334800 | UP: 73.0c | DOWN: 26.0c | T-273s | ACTIVE
[REALTIME] 1776335100 | UP: 51.0c | DOWN: 48.0c | T-573s | ACTIVE
[REALTIME] 1776335400 | UP: 50.0c | DOWN: 49.0c | T-873s | ACTIVE
[REALTIME] 1776334800 | UP: 73.0c | DOWN: 26.0c | T-273s | ACTIVE
[REALTIME] 1776335100 | UP: 51.0c | DOWN: 48.0c | T-573s | ACTIVE
[REALTIME] 1776335400 | UP: 50.0c | DOWN: 49.0c | T-873s | ACTIVE
[REALTIME] 1776334800 | UP: 69.0c | DOWN: 30.0c | T-272s | ACTIVE
[REALTIME] 1776335100 | UP: 51.0c | DOWN: 48.0c | T-572s | ACTIVE
[REALTIME] 1776335400 | UP: 50.0c | DOWN: 49.0c | T-872s | ACTIVE
[REALTIME] 1776334800 | UP: 69.0c | DOWN: 30.0c | T-272s | ACTIVE
[REALTIME] 1776335100 | UP: 51.0c | DOWN: 48.0c | T-572s | ACTIVE
[REALTIME] 1776335400 | UP: 50.0c | DOWN: 49.0c | T-872s | ACTIVE
[REALTIME] 1776334800 | UP: 69.0c | DOWN: 30.0c | T-271s | ACTIVE
[REALTIME] 1776335100 | UP: 51.0c | DOWN: 48.0c | T-571s | ACTIVE
[REALTIME] 1776335400 | UP: 50.0c | DOWN: 49.0c | T-871s | ACTIVE
[REALTIME] 1776334800 | UP: 69.0c | DOWN: 30.0c | T-271s | ACTIVE
[REALTIME] 1776335100 | UP: 51.0c | DOWN: 48.0c | T-571s | ACTIVE
[REALTIME] 1776335400 | UP: 50.0c | DOWN: 49.0c | T-871s | ACTIVE
[REALTIME] 1776334800 | UP: 69.0c | DOWN: 30.0c | T-270s | ACTIVE
[REALTIME] 1776335100 | UP: 51.0c | DOWN: 48.0c | T-570s | ACTIVE
[REALTIME] 1776335400 | UP: 50.0c | DOWN: 49.0c | T-870s | ACTIVE
[REALTIME] 1776334800 | UP: 69.0c | DOWN: 30.0c | T-270s | ACTIVE
[REALTIME] 1776335100 | UP: 51.0c | DOWN: 48.0c | T-570s | ACTIVE
[REALTIME] 1776335400 | UP: 50.0c | DOWN: 49.0c | T-870s | ACTIVE
[REALTIME] 1776334800 | UP: 69.0c | DOWN: 30.0c | T-269s | ACTIVE
[REALTIME] 1776335100 | UP: 51.0c | DOWN: 48.0c | T-569s | ACTIVE
[REALTIME] 1776335400 | UP: 50.0c | DOWN: 49.0c | T-869s | ACTIVE
[REALTIME] 1776334800 | UP: 67.0c | DOWN: 31.0c | T-269s | ACTIVE
[REALTIME] 1776335100 | UP: 51.0c | DOWN: 48.0c | T-569s | ACTIVE
[REALTIME] 1776335400 | UP: 50.0c | DOWN: 49.0c | T-869s | ACTIVE
[REALTIME] 1776334800 | UP: 65.0c | DOWN: 33.0c | T-268s | ACTIVE
[REALTIME] 1776335100 | UP: 51.0c | DOWN: 48.0c | T-568s | ACTIVE
[REALTIME] 1776335400 | UP: 50.0c | DOWN: 49.0c | T-868s | ACTIVE
[REALTIME] 1776334800 | UP: 64.0c | DOWN: 35.0c | T-268s | ACTIVE
[REALTIME] 1776335100 | UP: 51.0c | DOWN: 48.0c | T-568s | ACTIVE
[REALTIME] 1776335400 | UP: 50.0c | DOWN: 49.0c | T-868s | ACTIVE
[REALTIME] 1776334800 | UP: 63.0c | DOWN: 36.0c | T-267s | ACTIVE
[REALTIME] 1776335100 | UP: 51.0c | DOWN: 48.0c | T-567s | ACTIVE
[REALTIME] 1776335400 | UP: 50.0c | DOWN: 49.0c | T-867s | ACTIVE
[REALTIME] 1776334800 | UP: 63.0c | DOWN: 36.0c | T-267s | ACTIVE
[REALTIME] 1776335100 | UP: 51.0c | DOWN: 48.0c | T-567s | ACTIVE
[REALTIME] 1776335400 | UP: 50.0c | DOWN: 49.0c | T-867s | ACTIVE
[REALTIME] 1776334800 | UP: 62.0c | DOWN: 37.0c | T-266s | ACTIVE
[REALTIME] 1776335100 | UP: 51.0c | DOWN: 48.0c | T-566s | ACTIVE
[REALTIME] 1776335400 | UP: 50.0c | DOWN: 49.0c | T-866s | ACTIVE
[REALTIME] 1776334800 | UP: 62.0c | DOWN: 37.0c | T-266s | ACTIVE
[REALTIME] 1776335100 | UP: 51.0c | DOWN: 48.0c | T-566s | ACTIVE
[REALTIME] 1776335400 | UP: 50.0c | DOWN: 49.0c | T-866s | ACTIVE
[REALTIME] 1776334800 | UP: 62.0c | DOWN: 37.0c | T-265s | ACTIVE
[REALTIME] 1776335100 | UP: 51.0c | DOWN: 48.0c | T-565s | ACTIVE
[REALTIME] 1776335400 | UP: 50.0c | DOWN: 49.0c | T-865s | ACTIVE
[REALTIME] 1776334800 | UP: 62.0c | DOWN: 37.0c | T-265s | ACTIVE
[REALTIME] 1776335100 | UP: 51.0c | DOWN: 48.0c | T-565s | ACTIVE
[REALTIME] 1776335400 | UP: 50.0c | DOWN: 49.0c | T-865s | ACTIVE
[REALTIME] 1776334800 | UP: 62.0c | DOWN: 37.0c | T-264s | ACTIVE
[REALTIME] 1776335100 | UP: 51.0c | DOWN: 48.0c | T-564s | ACTIVE
[REALTIME] 1776335400 | UP: 50.0c | DOWN: 49.0c | T-864s | ACTIVE
[REALTIME] 1776334800 | UP: 62.0c | DOWN: 37.0c | T-264s | ACTIVE
[REALTIME] 1776335100 | UP: 51.0c | DOWN: 48.0c | T-564s | ACTIVE
[REALTIME] 1776335400 | UP: 50.0c | DOWN: 49.0c | T-864s | ACTIVE
[REALTIME] 1776334800 | UP: 62.0c | DOWN: 37.0c | T-263s | ACTIVE
[REALTIME] 1776335100 | UP: 51.0c | DOWN: 48.0c | T-563s | ACTIVE
[REALTIME] 1776335400 | UP: 50.0c | DOWN: 49.0c | T-863s | ACTIVE
[REALTIME] 1776334800 | UP: 62.0c | DOWN: 37.0c | T-263s | ACTIVE
[REALTIME] 1776335100 | UP: 51.0c | DOWN: 48.0c | T-563s | ACTIVE
[REALTIME] 1776335400 | UP: 50.0c | DOWN: 49.0c | T-863s | ACTIVE
[REALTIME] 1776334800 | UP: 62.0c | DOWN: 37.0c | T-262s | ACTIVE
[REALTIME] 1776335100 | UP: 51.0c | DOWN: 48.0c | T-562s | ACTIVE
[REALTIME] 1776335400 | UP: 50.0c | DOWN: 49.0c | T-862s | ACTIVE
[REALTIME] 1776334800 | UP: 62.0c | DOWN: 37.0c | T-262s | ACTIVE
[REALTIME] 1776335100 | UP: 51.0c | DOWN: 48.0c | T-562s | ACTIVE
[REALTIME] 1776335400 | UP: 50.0c | DOWN: 49.0c | T-862s | ACTIVE
[REALTIME] 1776334800 | UP: 62.0c | DOWN: 37.0c | T-261s | ACTIVE
[REALTIME] 1776335100 | UP: 51.0c | DOWN: 48.0c | T-561s | ACTIVE
[REALTIME] 1776335400 | UP: 50.0c | DOWN: 49.0c | T-861s | ACTIVE
[REALTIME] 1776334800 | UP: 62.0c | DOWN: 37.0c | T-261s | ACTIVE
[REALTIME] 1776335100 | UP: 51.0c | DOWN: 48.0c | T-561s | ACTIVE
[REALTIME] 1776335400 | UP: 50.0c | DOWN: 49.0c | T-861s | ACTIVE
[REALTIME] 1776334800 | UP: 62.0c | DOWN: 37.0c | T-260s | ACTIVE
[REALTIME] 1776335100 | UP: 51.0c | DOWN: 48.0c | T-560s | ACTIVE
[REALTIME] 1776335400 | UP: 50.0c | DOWN: 49.0c | T-860s | ACTIVE
[REALTIME] 1776334800 | UP: 62.0c | DOWN: 37.0c | T-260s | ACTIVE
[REALTIME] 1776335100 | UP: 51.0c | DOWN: 48.0c | T-560s | ACTIVE
[REALTIME] 1776335400 | UP: 50.0c | DOWN: 49.0c | T-860s | ACTIVE
[REALTIME] 1776334800 | UP: 62.0c | DOWN: 37.0c | T-259s | ACTIVE
[REALTIME] 1776335100 | UP: 51.0c | DOWN: 48.0c | T-559s | ACTIVE
[REALTIME] 1776335400 | UP: 50.0c | DOWN: 49.0c | T-859s | ACTIVE
[REALTIME] 1776334800 | UP: 62.0c | DOWN: 37.0c | T-259s | ACTIVE
[REALTIME] 1776335100 | UP: 51.0c | DOWN: 48.0c | T-559s | ACTIVE
[REALTIME] 1776335400 | UP: 50.0c | DOWN: 49.0c | T-859s | ACTIVE
[REALTIME] 1776334800 | UP: 63.0c | DOWN: 36.0c | T-258s | ACTIVE
[REALTIME] 1776335100 | UP: 51.0c | DOWN: 48.0c | T-558s | ACTIVE
[REALTIME] 1776335400 | UP: 50.0c | DOWN: 49.0c | T-858s | ACTIVE
[REALTIME] 1776334800 | UP: 63.0c | DOWN: 36.0c | T-258s | ACTIVE
[REALTIME] 1776335100 | UP: 51.0c | DOWN: 48.0c | T-558s | ACTIVE
[REALTIME] 1776335400 | UP: 50.0c | DOWN: 49.0c | T-858s | ACTIVE
[REALTIME] 1776334800 | UP: 63.0c | DOWN: 36.0c | T-257s | ACTIVE
[REALTIME] 1776335100 | UP: 51.0c | DOWN: 48.0c | T-557s | ACTIVE
[REALTIME] 1776335400 | UP: 50.0c | DOWN: 49.0c | T-857s | ACTIVE
[REALTIME] 1776334800 | UP: 63.0c | DOWN: 36.0c | T-257s | ACTIVE
[REALTIME] 1776335100 | UP: 51.0c | DOWN: 48.0c | T-557s | ACTIVE
[REALTIME] 1776335400 | UP: 50.0c | DOWN: 49.0c | T-857s | ACTIVE
[REALTIME] 1776334800 | UP: 63.0c | DOWN: 36.0c | T-256s | ACTIVE
[REALTIME] 1776335100 | UP: 51.0c | DOWN: 48.0c | T-556s | ACTIVE
[REALTIME] 1776335400 | UP: 50.0c | DOWN: 49.0c | T-856s | ACTIVE
[REALTIME] 1776334800 | UP: 63.0c | DOWN: 36.0c | T-256s | ACTIVE
[REALTIME] 1776335100 | UP: 51.0c | DOWN: 48.0c | T-556s | ACTIVE
[REALTIME] 1776335400 | UP: 50.0c | DOWN: 49.0c | T-856s | ACTIVE
[REALTIME] 1776334800 | UP: 62.0c | DOWN: 37.0c | T-255s | ACTIVE
[REALTIME] 1776335100 | UP: 51.0c | DOWN: 48.0c | T-555s | ACTIVE
[REALTIME] 1776335400 | UP: 50.0c | DOWN: 49.0c | T-855s | ACTIVE
[REALTIME] 1776334800 | UP: 62.0c | DOWN: 37.0c | T-255s | ACTIVE
[REALTIME] 1776335100 | UP: 51.0c | DOWN: 48.0c | T-555s | ACTIVE
[REALTIME] 1776335400 | UP: 50.0c | DOWN: 49.0c | T-855s | ACTIVE
[REALTIME] 1776334800 | UP: 62.0c | DOWN: 37.0c | T-254s | ACTIVE
[REALTIME] 1776335100 | UP: 51.0c | DOWN: 48.0c | T-554s | ACTIVE
[REALTIME] 1776335400 | UP: 50.0c | DOWN: 49.0c | T-854s | ACTIVE
[REALTIME] 1776334800 | UP: 62.0c | DOWN: 37.0c | T-254s | ACTIVE
[REALTIME] 1776335100 | UP: 51.0c | DOWN: 48.0c | T-554s | ACTIVE
[REALTIME] 1776335400 | UP: 50.0c | DOWN: 49.0c | T-854s | ACTIVE
[REALTIME] 1776334800 | UP: 62.0c | DOWN: 37.0c | T-253s | ACTIVE
[REALTIME] 1776335100 | UP: 51.0c | DOWN: 48.0c | T-553s | ACTIVE
[REALTIME] 1776335400 | UP: 50.0c | DOWN: 49.0c | T-853s | ACTIVE
[REALTIME] 1776334800 | UP: 63.0c | DOWN: 36.0c | T-253s | ACTIVE
[REALTIME] 1776335100 | UP: 51.0c | DOWN: 48.0c | T-553s | ACTIVE
[REALTIME] 1776335400 | UP: 50.0c | DOWN: 49.0c | T-853s | ACTIVE
[REALTIME] 1776334800 | UP: 63.0c | DOWN: 36.0c | T-252s | ACTIVE
[REALTIME] 1776335100 | UP: 51.0c | DOWN: 48.0c | T-552s | ACTIVE
[REALTIME] 1776335400 | UP: 50.0c | DOWN: 49.0c | T-852s | ACTIVE
[REALTIME] 1776334800 | UP: 63.0c | DOWN: 36.0c | T-252s | ACTIVE
[REALTIME] 1776335100 | UP: 51.0c | DOWN: 48.0c | T-552s | ACTIVE
[REALTIME] 1776335400 | UP: 50.0c | DOWN: 49.0c | T-852s | ACTIVE
[REALTIME] 1776334800 | UP: 63.0c | DOWN: 36.0c | T-251s | ACTIVE
[REALTIME] 1776335100 | UP: 51.0c | DOWN: 48.0c | T-551s | ACTIVE
[REALTIME] 1776335400 | UP: 50.0c | DOWN: 49.0c | T-851s | ACTIVE
[REALTIME] 1776334800 | UP: 63.0c | DOWN: 36.0c | T-251s | ACTIVE
[REALTIME] 1776335100 | UP: 51.0c | DOWN: 48.0c | T-551s | ACTIVE
[REALTIME] 1776335400 | UP: 50.0c | DOWN: 49.0c | T-851s | ACTIVE
[REALTIME] 1776334800 | UP: 63.0c | DOWN: 36.0c | T-250s | ACTIVE
[REALTIME] 1776335100 | UP: 51.0c | DOWN: 48.0c | T-550s | ACTIVE
[REALTIME] 1776335400 | UP: 50.0c | DOWN: 49.0c | T-850s | ACTIVE
[REALTIME] 1776334800 | UP: 63.0c | DOWN: 36.0c | T-250s | ACTIVE
[REALTIME] 1776335100 | UP: 51.0c | DOWN: 48.0c | T-550s | ACTIVE
[REALTIME] 1776335400 | UP: 50.0c | DOWN: 49.0c | T-850s | ACTIVE
[REALTIME] 1776334800 | UP: 63.0c | DOWN: 36.0c | T-249s | ACTIVE
[REALTIME] 1776335100 | UP: 51.0c | DOWN: 48.0c | T-549s | ACTIVE
[REALTIME] 1776335400 | UP: 50.0c | DOWN: 49.0c | T-849s | ACTIVE
[REALTIME] 1776334800 | UP: 63.0c | DOWN: 36.0c | T-249s | ACTIVE
[REALTIME] 1776335100 | UP: 51.0c | DOWN: 48.0c | T-549s | ACTIVE
[REALTIME] 1776335400 | UP: 50.0c | DOWN: 49.0c | T-849s | ACTIVE
[REALTIME] 1776334800 | UP: 63.0c | DOWN: 36.0c | T-248s | ACTIVE
[REALTIME] 1776335100 | UP: 51.0c | DOWN: 48.0c | T-548s | ACTIVE
[REALTIME] 1776335400 | UP: 50.0c | DOWN: 49.0c | T-848s | ACTIVE
[REALTIME] 1776334800 | UP: 63.0c | DOWN: 36.0c | T-248s | ACTIVE
[REALTIME] 1776335100 | UP: 51.0c | DOWN: 48.0c | T-548s | ACTIVE
[REALTIME] 1776335400 | UP: 50.0c | DOWN: 49.0c | T-848s | ACTIVE
[REALTIME] 1776334800 | UP: 63.0c | DOWN: 36.0c | T-247s | ACTIVE
[REALTIME] 1776335100 | UP: 51.0c | DOWN: 48.0c | T-547s | ACTIVE
[REALTIME] 1776335400 | UP: 50.0c | DOWN: 49.0c | T-847s | ACTIVE
[REALTIME] 1776334800 | UP: 63.0c | DOWN: 36.0c | T-247s | ACTIVE
[REALTIME] 1776335100 | UP: 51.0c | DOWN: 48.0c | T-547s | ACTIVE
[REALTIME] 1776335400 | UP: 50.0c | DOWN: 49.0c | T-847s | ACTIVE
[REALTIME] 1776334800 | UP: 62.0c | DOWN: 37.0c | T-246s | ACTIVE
[REALTIME] 1776335100 | UP: 51.0c | DOWN: 48.0c | T-546s | ACTIVE
[REALTIME] 1776335400 | UP: 50.0c | DOWN: 49.0c | T-846s | ACTIVE
[REALTIME] 1776334800 | UP: 62.0c | DOWN: 37.0c | T-246s | ACTIVE
[REALTIME] 1776335100 | UP: 51.0c | DOWN: 48.0c | T-546s | ACTIVE
[REALTIME] 1776335400 | UP: 50.0c | DOWN: 49.0c | T-846s | ACTIVE
[REALTIME] 1776334800 | UP: 62.0c | DOWN: 37.0c | T-245s | ACTIVE
[REALTIME] 1776335100 | UP: 51.0c | DOWN: 48.0c | T-545s | ACTIVE
[REALTIME] 1776335400 | UP: 50.0c | DOWN: 49.0c | T-845s | ACTIVE
[REALTIME] 1776334800 | UP: 62.0c | DOWN: 37.0c | T-244s | ACTIVE
[REALTIME] 1776335100 | UP: 51.0c | DOWN: 48.0c | T-544s | ACTIVE
[REALTIME] 1776335400 | UP: 50.0c | DOWN: 49.0c | T-844s | ACTIVE
[REALTIME] 1776334800 | UP: 62.0c | DOWN: 37.0c | T-244s | ACTIVE
[REALTIME] 1776335100 | UP: 51.0c | DOWN: 48.0c | T-544s | ACTIVE
[REALTIME] 1776335400 | UP: 50.0c | DOWN: 49.0c | T-844s | ACTIVE
[REALTIME] 1776334800 | UP: 62.0c | DOWN: 37.0c | T-244s | ACTIVE
[REALTIME] 1776335100 | UP: 51.0c | DOWN: 48.0c | T-544s | ACTIVE
[REALTIME] 1776335400 | UP: 50.0c | DOWN: 49.0c | T-844s | ACTIVE
[REALTIME] 1776334800 | UP: 62.0c | DOWN: 37.0c | T-243s | ACTIVE
[REALTIME] 1776335100 | UP: 52.0c | DOWN: 47.0c | T-543s | ACTIVE
[AUTO] 🔥 EXECUTED Yes order for btc-updown-5m-1776335100 at 52.0%
[REALTIME] 1776335400 | UP: 50.0c | DOWN: 49.0c | T-843s | ACTIVE
[REALTIME] 1776334800 | UP: 62.0c | DOWN: 37.0c | T-243s | ACTIVE
[REALTIME] 1776335100 | UP: 52.0c | DOWN: 47.0c | T-543s | ACTIVE
[REALTIME] 1776335400 | UP: 50.0c | DOWN: 49.0c | T-843s | ACTIVE
[REALTIME] 1776334800 | UP: 62.0c | DOWN: 37.0c | T-242s | ACTIVE
[REALTIME] 1776335100 | UP: 52.0c | DOWN: 47.0c | T-542s | ACTIVE
[REALTIME] 1776335400 | UP: 50.0c | DOWN: 49.0c | T-842s | ACTIVE
[REALTIME] 1776334800 | UP: 62.0c | DOWN: 37.0c | T-242s | ACTIVE
[REALTIME] 1776335100 | UP: 52.0c | DOWN: 47.0c | T-542s | ACTIVE
[REALTIME] 1776335400 | UP: 50.0c | DOWN: 49.0c | T-842s | ACTIVE
[REALTIME] 1776334800 | UP: 62.0c | DOWN: 37.0c | T-241s | ACTIVE
[REALTIME] 1776335100 | UP: 52.0c | DOWN: 47.0c | T-541s | ACTIVE
[REALTIME] 1776335400 | UP: 50.0c | DOWN: 49.0c | T-841s | ACTIVE
[REALTIME] 1776334800 | UP: 62.0c | DOWN: 37.0c | T-241s | ACTIVE
[REALTIME] 1776335100 | UP: 52.0c | DOWN: 47.0c | T-541s | ACTIVE
[REALTIME] 1776335400 | UP: 50.0c | DOWN: 49.0c | T-841s | ACTIVE
[REALTIME] 1776334800 | UP: 62.0c | DOWN: 37.0c | T-240s | ACTIVE
[REALTIME] 1776335100 | UP: 52.0c | DOWN: 47.0c | T-540s | ACTIVE
[REALTIME] 1776335400 | UP: 50.0c | DOWN: 49.0c | T-840s | ACTIVE
[REALTIME] 1776334800 | UP: 61.0c | DOWN: 38.0c | T-240s | ACTIVE
[REALTIME] 1776335100 | UP: 52.0c | DOWN: 47.0c | T-540s | ACTIVE
[REALTIME] 1776335400 | UP: 50.0c | DOWN: 49.0c | T-840s | ACTIVE
[REALTIME] 1776334800 | UP: 62.0c | DOWN: 37.0c | T-239s | ACTIVE
[REALTIME] 1776335100 | UP: 52.0c | DOWN: 47.0c | T-539s | ACTIVE
[REALTIME] 1776335400 | UP: 50.0c | DOWN: 49.0c | T-839s | ACTIVE
[REALTIME] 1776334800 | UP: 62.0c | DOWN: 37.0c | T-239s | ACTIVE
[REALTIME] 1776335100 | UP: 52.0c | DOWN: 47.0c | T-539s | ACTIVE
[REALTIME] 1776335400 | UP: 50.0c | DOWN: 49.0c | T-839s | ACTIVE
[REALTIME] 1776334800 | UP: 62.0c | DOWN: 37.0c | T-238s | ACTIVE
[REALTIME] 1776335100 | UP: 52.0c | DOWN: 47.0c | T-538s | ACTIVE
[REALTIME] 1776335400 | UP: 50.0c | DOWN: 49.0c | T-838s | ACTIVE
[REALTIME] 1776334800 | UP: 62.0c | DOWN: 37.0c | T-238s | ACTIVE
[REALTIME] 1776335100 | UP: 52.0c | DOWN: 47.0c | T-538s | ACTIVE
[REALTIME] 1776335400 | UP: 50.0c | DOWN: 49.0c | T-838s | ACTIVE
[REALTIME] 1776334800 | UP: 62.0c | DOWN: 37.0c | T-237s | ACTIVE
[REALTIME] 1776335100 | UP: 52.0c | DOWN: 47.0c | T-537s | ACTIVE
[REALTIME] 1776335400 | UP: 50.0c | DOWN: 49.0c | T-837s | ACTIVE
[REALTIME] 1776334800 | UP: 62.0c | DOWN: 37.0c | T-237s | ACTIVE
[REALTIME] 1776335100 | UP: 52.0c | DOWN: 47.0c | T-537s | ACTIVE
[REALTIME] 1776335400 | UP: 50.0c | DOWN: 49.0c | T-837s | ACTIVE
[REALTIME] 1776334800 | UP: 62.0c | DOWN: 37.0c | T-236s | ACTIVE
[REALTIME] 1776335100 | UP: 52.0c | DOWN: 47.0c | T-536s | ACTIVE
[REALTIME] 1776335400 | UP: 50.0c | DOWN: 49.0c | T-836s | ACTIVE
[REALTIME] 1776334800 | UP: 62.0c | DOWN: 37.0c | T-236s | ACTIVE
[REALTIME] 1776335100 | UP: 52.0c | DOWN: 47.0c | T-536s | ACTIVE
[REALTIME] 1776335400 | UP: 50.0c | DOWN: 49.0c | T-836s | ACTIVE
[REALTIME] 1776334800 | UP: 62.0c | DOWN: 37.0c | T-235s | ACTIVE
[REALTIME] 1776335100 | UP: 52.0c | DOWN: 47.0c | T-535s | ACTIVE
[REALTIME] 1776335400 | UP: 50.0c | DOWN: 49.0c | T-835s | ACTIVE
[REALTIME] 1776334800 | UP: 62.0c | DOWN: 37.0c | T-235s | ACTIVE
[REALTIME] 1776335100 | UP: 52.0c | DOWN: 47.0c | T-535s | ACTIVE
[REALTIME] 1776335400 | UP: 50.0c | DOWN: 49.0c | T-835s | ACTIVE
[REALTIME] 1776334800 | UP: 62.0c | DOWN: 37.0c | T-234s | ACTIVE
[REALTIME] 1776335100 | UP: 52.0c | DOWN: 47.0c | T-534s | ACTIVE
[REALTIME] 1776335400 | UP: 50.0c | DOWN: 49.0c | T-834s | ACTIVE
[REALTIME] 1776334800 | UP: 62.0c | DOWN: 37.0c | T-234s | ACTIVE
[REALTIME] 1776335100 | UP: 52.0c | DOWN: 47.0c | T-534s | ACTIVE
[REALTIME] 1776335400 | UP: 50.0c | DOWN: 49.0c | T-834s | ACTIVE
[REALTIME] 1776334800 | UP: 62.0c | DOWN: 37.0c | T-233s | ACTIVE
[REALTIME] 1776335100 | UP: 52.0c | DOWN: 47.0c | T-533s | ACTIVE
[REALTIME] 1776335400 | UP: 50.0c | DOWN: 49.0c | T-833s | ACTIVE
[REALTIME] 1776334800 | UP: 62.0c | DOWN: 37.0c | T-233s | ACTIVE
[REALTIME] 1776335100 | UP: 52.0c | DOWN: 47.0c | T-533s | ACTIVE
[REALTIME] 1776335400 | UP: 50.0c | DOWN: 49.0c | T-833s | ACTIVE
[REALTIME] 1776334800 | UP: 63.0c | DOWN: 36.0c | T-232s | ACTIVE
[REALTIME] 1776335100 | UP: 52.0c | DOWN: 47.0c | T-532s | ACTIVE
[REALTIME] 1776335400 | UP: 50.0c | DOWN: 49.0c | T-832s | ACTIVE
[REALTIME] 1776334800 | UP: 63.0c | DOWN: 36.0c | T-232s | ACTIVE
[REALTIME] 1776335100 | UP: 52.0c | DOWN: 47.0c | T-532s | ACTIVE
[REALTIME] 1776335400 | UP: 50.0c | DOWN: 49.0c | T-832s | ACTIVE
[REALTIME] 1776334800 | UP: 63.0c | DOWN: 36.0c | T-231s | ACTIVE
[REALTIME] 1776335100 | UP: 52.0c | DOWN: 47.0c | T-531s | ACTIVE
[REALTIME] 1776335400 | UP: 50.0c | DOWN: 49.0c | T-831s | ACTIVE
[REALTIME] 1776334800 | UP: 63.0c | DOWN: 36.0c | T-231s | ACTIVE
[REALTIME] 1776335100 | UP: 52.0c | DOWN: 47.0c | T-531s | ACTIVE
[REALTIME] 1776335400 | UP: 50.0c | DOWN: 49.0c | T-831s | ACTIVE
[REALTIME] 1776334800 | UP: 63.0c | DOWN: 36.0c | T-230s | ACTIVE
[REALTIME] 1776335100 | UP: 52.0c | DOWN: 47.0c | T-530s | ACTIVE
[REALTIME] 1776335400 | UP: 50.0c | DOWN: 49.0c | T-830s | ACTIVE
[REALTIME] 1776334800 | UP: 63.0c | DOWN: 36.0c | T-230s | ACTIVE
[REALTIME] 1776335100 | UP: 52.0c | DOWN: 47.0c | T-530s | ACTIVE
[REALTIME] 1776335400 | UP: 50.0c | DOWN: 49.0c | T-830s | ACTIVE
[REALTIME] 1776334800 | UP: 63.0c | DOWN: 36.0c | T-229s | ACTIVE
[REALTIME] 1776335100 | UP: 52.0c | DOWN: 47.0c | T-529s | ACTIVE
[REALTIME] 1776335400 | UP: 50.0c | DOWN: 49.0c | T-829s | ACTIVE
[REALTIME] 1776334800 | UP: 63.0c | DOWN: 36.0c | T-229s | ACTIVE
[REALTIME] 1776335100 | UP: 52.0c | DOWN: 47.0c | T-529s | ACTIVE
[REALTIME] 1776335400 | UP: 50.0c | DOWN: 49.0c | T-829s | ACTIVE
[REALTIME] 1776334800 | UP: 63.0c | DOWN: 36.0c | T-228s | ACTIVE
[REALTIME] 1776335100 | UP: 52.0c | DOWN: 47.0c | T-528s | ACTIVE
[REALTIME] 1776335400 | UP: 50.0c | DOWN: 49.0c | T-828s | ACTIVE
[REALTIME] 1776334800 | UP: 63.0c | DOWN: 36.0c | T-228s | ACTIVE
[REALTIME] 1776335100 | UP: 52.0c | DOWN: 47.0c | T-528s | ACTIVE
[REALTIME] 1776335400 | UP: 50.0c | DOWN: 49.0c | T-828s | ACTIVE
[REALTIME] 1776334800 | UP: 63.0c | DOWN: 36.0c | T-227s | ACTIVE
[REALTIME] 1776335100 | UP: 52.0c | DOWN: 47.0c | T-527s | ACTIVE
[REALTIME] 1776335400 | UP: 50.0c | DOWN: 49.0c | T-827s | ACTIVE
[REALTIME] 1776334800 | UP: 63.0c | DOWN: 36.0c | T-227s | ACTIVE
[REALTIME] 1776335100 | UP: 52.0c | DOWN: 47.0c | T-527s | ACTIVE
[REALTIME] 1776335400 | UP: 50.0c | DOWN: 49.0c | T-827s | ACTIVE
[REALTIME] 1776334800 | UP: 63.0c | DOWN: 36.0c | T-226s | ACTIVE
[REALTIME] 1776335100 | UP: 52.0c | DOWN: 47.0c | T-526s | ACTIVE
[REALTIME] 1776335400 | UP: 50.0c | DOWN: 49.0c | T-826s | ACTIVE
[REALTIME] 1776334800 | UP: 63.0c | DOWN: 36.0c | T-226s | ACTIVE
[REALTIME] 1776335100 | UP: 52.0c | DOWN: 47.0c | T-526s | ACTIVE
[REALTIME] 1776335400 | UP: 50.0c | DOWN: 49.0c | T-826s | ACTIVE
[REALTIME] 1776334800 | UP: 63.0c | DOWN: 36.0c | T-225s | ACTIVE
[REALTIME] 1776335100 | UP: 52.0c | DOWN: 47.0c | T-525s | ACTIVE
[REALTIME] 1776335400 | UP: 50.0c | DOWN: 49.0c | T-825s | ACTIVE
[REALTIME] 1776334800 | UP: 63.0c | DOWN: 36.0c | T-225s | ACTIVE
[REALTIME] 1776335100 | UP: 52.0c | DOWN: 47.0c | T-525s | ACTIVE
[REALTIME] 1776335400 | UP: 50.0c | DOWN: 49.0c | T-825s | ACTIVE
[REALTIME] 1776334800 | UP: 63.0c | DOWN: 36.0c | T-224s | ACTIVE
[REALTIME] 1776335100 | UP: 52.0c | DOWN: 47.0c | T-524s | ACTIVE
[REALTIME] 1776335400 | UP: 50.0c | DOWN: 49.0c | T-824s | ACTIVE
[REALTIME] 1776334800 | UP: 66.0c | DOWN: 32.0c | T-224s | ACTIVE
[REALTIME] 1776335100 | UP: 52.0c | DOWN: 47.0c | T-524s | ACTIVE
[REALTIME] 1776335400 | UP: 50.0c | DOWN: 49.0c | T-824s | ACTIVE
[REALTIME] 1776334800 | UP: 68.0c | DOWN: 31.0c | T-223s | ACTIVE
[REALTIME] 1776335100 | UP: 52.0c | DOWN: 47.0c | T-523s | ACTIVE
[REALTIME] 1776335400 | UP: 50.0c | DOWN: 49.0c | T-823s | ACTIVE
[REALTIME] 1776334800 | UP: 68.0c | DOWN: 30.0c | T-223s | ACTIVE
[REALTIME] 1776335100 | UP: 52.0c | DOWN: 47.0c | T-523s | ACTIVE
[REALTIME] 1776335400 | UP: 50.0c | DOWN: 49.0c | T-823s | ACTIVE
[REALTIME] 1776334800 | UP: 69.0c | DOWN: 30.0c | T-222s | ACTIVE
[REALTIME] 1776335100 | UP: 52.0c | DOWN: 47.0c | T-522s | ACTIVE
[REALTIME] 1776335400 | UP: 50.0c | DOWN: 49.0c | T-822s | ACTIVE
[REALTIME] 1776334800 | UP: 69.0c | DOWN: 30.0c | T-222s | ACTIVE
[REALTIME] 1776335100 | UP: 52.0c | DOWN: 47.0c | T-522s | ACTIVE
[REALTIME] 1776335400 | UP: 50.0c | DOWN: 49.0c | T-822s | ACTIVE
[REALTIME] 1776334800 | UP: 69.0c | DOWN: 30.0c | T-221s | ACTIVE
[REALTIME] 1776335100 | UP: 52.0c | DOWN: 47.0c | T-521s | ACTIVE
[REALTIME] 1776335400 | UP: 50.0c | DOWN: 49.0c | T-821s | ACTIVE
[REALTIME] 1776334800 | UP: 69.0c | DOWN: 30.0c | T-221s | ACTIVE
[REALTIME] 1776335100 | UP: 52.0c | DOWN: 47.0c | T-521s | ACTIVE
[REALTIME] 1776335400 | UP: 50.0c | DOWN: 49.0c | T-821s | ACTIVE
[REALTIME] 1776334800 | UP: 69.0c | DOWN: 30.0c | T-220s | ACTIVE
[REALTIME] 1776335100 | UP: 52.0c | DOWN: 47.0c | T-520s | ACTIVE
[REALTIME] 1776335400 | UP: 50.0c | DOWN: 49.0c | T-820s | ACTIVE
[REALTIME] 1776334800 | UP: 69.0c | DOWN: 30.0c | T-220s | ACTIVE
[REALTIME] 1776335100 | UP: 52.0c | DOWN: 47.0c | T-520s | ACTIVE
[REALTIME] 1776335400 | UP: 50.0c | DOWN: 49.0c | T-820s | ACTIVE
[REALTIME] 1776334800 | UP: 69.0c | DOWN: 30.0c | T-219s | ACTIVE
[REALTIME] 1776335100 | UP: 52.0c | DOWN: 47.0c | T-519s | ACTIVE
[REALTIME] 1776335400 | UP: 50.0c | DOWN: 49.0c | T-819s | ACTIVE
[REALTIME] 1776334800 | UP: 69.0c | DOWN: 30.0c | T-219s | ACTIVE
[REALTIME] 1776335100 | UP: 52.0c | DOWN: 47.0c | T-519s | ACTIVE
[REALTIME] 1776335400 | UP: 50.0c | DOWN: 49.0c | T-819s | ACTIVE
[REALTIME] 1776334800 | UP: 69.0c | DOWN: 30.0c | T-218s | ACTIVE
[REALTIME] 1776335100 | UP: 52.0c | DOWN: 47.0c | T-518s | ACTIVE
[REALTIME] 1776335400 | UP: 50.0c | DOWN: 49.0c | T-818s | ACTIVE
[REALTIME] 1776334800 | UP: 70.0c | DOWN: 29.0c | T-218s | ACTIVE
[REALTIME] 1776335100 | UP: 52.0c | DOWN: 47.0c | T-518s | ACTIVE
[REALTIME] 1776335400 | UP: 50.0c | DOWN: 49.0c | T-818s | ACTIVE
[REALTIME] 1776334800 | UP: 72.0c | DOWN: 27.0c | T-217s | ACTIVE
[REALTIME] 1776335100 | UP: 52.0c | DOWN: 47.0c | T-517s | ACTIVE
[REALTIME] 1776335400 | UP: 50.0c | DOWN: 49.0c | T-817s | ACTIVE
[REALTIME] 1776334800 | UP: 72.0c | DOWN: 26.0c | T-217s | ACTIVE
[REALTIME] 1776335100 | UP: 52.0c | DOWN: 47.0c | T-517s | ACTIVE
[REALTIME] 1776335400 | UP: 50.0c | DOWN: 49.0c | T-817s | ACTIVE
[REALTIME] 1776334800 | UP: 74.0c | DOWN: 23.0c | T-216s | ACTIVE
[REALTIME] 1776335100 | UP: 52.0c | DOWN: 47.0c | T-516s | ACTIVE
[REALTIME] 1776335400 | UP: 50.0c | DOWN: 49.0c | T-816s | ACTIVE
[REALTIME] 1776334800 | UP: 76.0c | DOWN: 23.0c | T-216s | ACTIVE
[REALTIME] 1776335100 | UP: 52.0c | DOWN: 47.0c | T-516s | ACTIVE
[REALTIME] 1776335400 | UP: 50.0c | DOWN: 49.0c | T-816s | ACTIVE
[REALTIME] 1776334800 | UP: 76.0c | DOWN: 23.0c | T-215s | ACTIVE
[REALTIME] 1776335100 | UP: 52.0c | DOWN: 47.0c | T-515s | ACTIVE
[REALTIME] 1776335400 | UP: 50.0c | DOWN: 49.0c | T-815s | ACTIVE
[REALTIME] 1776334800 | UP: 78.0c | DOWN: 21.0c | T-215s | ACTIVE
[REALTIME] 1776335100 | UP: 52.0c | DOWN: 47.0c | T-515s | ACTIVE
[REALTIME] 1776335400 | UP: 50.0c | DOWN: 49.0c | T-815s | ACTIVE
[REALTIME] 1776334800 | UP: 78.0c | DOWN: 21.0c | T-214s | ACTIVE
[REALTIME] 1776335100 | UP: 52.0c | DOWN: 47.0c | T-514s | ACTIVE
[REALTIME] 1776335400 | UP: 50.0c | DOWN: 49.0c | T-814s | ACTIVE
[REALTIME] 1776334800 | UP: 78.0c | DOWN: 21.0c | T-214s | ACTIVE
[REALTIME] 1776335100 | UP: 52.0c | DOWN: 47.0c | T-514s | ACTIVE
[REALTIME] 1776335400 | UP: 50.0c | DOWN: 49.0c | T-814s | ACTIVE
[REALTIME] 1776334800 | UP: 79.0c | DOWN: 20.0c | T-213s | ACTIVE
[REALTIME] 1776335100 | UP: 52.0c | DOWN: 47.0c | T-513s | ACTIVE
[REALTIME] 1776335400 | UP: 50.0c | DOWN: 49.0c | T-813s | ACTIVE
[REALTIME] 1776334800 | UP: 80.0c | DOWN: 19.0c | T-212s | ACTIVE
[REALTIME] 1776335100 | UP: 52.0c | DOWN: 47.0c | T-512s | ACTIVE
[REALTIME] 1776335400 | UP: 50.0c | DOWN: 49.0c | T-812s | ACTIVE
[REALTIME] 1776334800 | UP: 80.0c | DOWN: 19.0c | T-212s | ACTIVE
[REALTIME] 1776335100 | UP: 52.0c | DOWN: 47.0c | T-512s | ACTIVE
[REALTIME] 1776335400 | UP: 50.0c | DOWN: 49.0c | T-812s | ACTIVE
[REALTIME] 1776334800 | UP: 80.0c | DOWN: 19.0c | T-211s | ACTIVE
[REALTIME] 1776335100 | UP: 52.0c | DOWN: 47.0c | T-511s | ACTIVE
[REALTIME] 1776335400 | UP: 50.0c | DOWN: 49.0c | T-811s | ACTIVE
[REALTIME] 1776334800 | UP: 80.0c | DOWN: 19.0c | T-211s | ACTIVE
[REALTIME] 1776335100 | UP: 52.0c | DOWN: 47.0c | T-511s | ACTIVE
[REALTIME] 1776335400 | UP: 50.0c | DOWN: 49.0c | T-811s | ACTIVE
[REALTIME] 1776334800 | UP: 80.0c | DOWN: 19.0c | T-210s | ACTIVE
[REALTIME] 1776335100 | UP: 52.0c | DOWN: 47.0c | T-510s | ACTIVE
[REALTIME] 1776335400 | UP: 50.0c | DOWN: 49.0c | T-810s | ACTIVE
[REALTIME] 1776334800 | UP: 80.0c | DOWN: 19.0c | T-210s | ACTIVE
[REALTIME] 1776335100 | UP: 52.0c | DOWN: 47.0c | T-510s | ACTIVE
[REALTIME] 1776335400 | UP: 50.0c | DOWN: 49.0c | T-810s | ACTIVE
[REALTIME] 1776334800 | UP: 80.0c | DOWN: 19.0c | T-210s | ACTIVE
[REALTIME] 1776335100 | UP: 52.0c | DOWN: 47.0c | T-510s | ACTIVE
[REALTIME] 1776335400 | UP: 50.0c | DOWN: 49.0c | T-810s | ACTIVE
[REALTIME] 1776334800 | UP: 79.0c | DOWN: 20.0c | T-209s | ACTIVE
[REALTIME] 1776335100 | UP: 52.0c | DOWN: 47.0c | T-509s | ACTIVE
[REALTIME] 1776335400 | UP: 50.0c | DOWN: 49.0c | T-809s | ACTIVE
[REALTIME] 1776334800 | UP: 79.0c | DOWN: 20.0c | T-209s | ACTIVE
[REALTIME] 1776335100 | UP: 52.0c | DOWN: 47.0c | T-509s | ACTIVE
[REALTIME] 1776335400 | UP: 50.0c | DOWN: 49.0c | T-809s | ACTIVE
[REALTIME] 1776334800 | UP: 79.0c | DOWN: 20.0c | T-208s | ACTIVE
[REALTIME] 1776335100 | UP: 52.0c | DOWN: 47.0c | T-508s | ACTIVE
[REALTIME] 1776335400 | UP: 50.0c | DOWN: 49.0c | T-808s | ACTIVE
[REALTIME] 1776334800 | UP: 79.0c | DOWN: 20.0c | T-208s | ACTIVE
[REALTIME] 1776335100 | UP: 52.0c | DOWN: 47.0c | T-508s | ACTIVE
[REALTIME] 1776335400 | UP: 50.0c | DOWN: 49.0c | T-808s | ACTIVE
[REALTIME] 1776334800 | UP: 79.0c | DOWN: 20.0c | T-207s | ACTIVE
[REALTIME] 1776335100 | UP: 52.0c | DOWN: 47.0c | T-507s | ACTIVE
[REALTIME] 1776335400 | UP: 50.0c | DOWN: 49.0c | T-807s | ACTIVE
[REALTIME] 1776334800 | UP: 79.0c | DOWN: 20.0c | T-207s | ACTIVE
[REALTIME] 1776335100 | UP: 52.0c | DOWN: 47.0c | T-507s | ACTIVE
[REALTIME] 1776335400 | UP: 50.0c | DOWN: 49.0c | T-807s | ACTIVE
[REALTIME] 1776334800 | UP: 79.0c | DOWN: 20.0c | T-206s | ACTIVE
[REALTIME] 1776335100 | UP: 52.0c | DOWN: 47.0c | T-506s | ACTIVE
[REALTIME] 1776335400 | UP: 50.0c | DOWN: 49.0c | T-806s | ACTIVE
[REALTIME] 1776334800 | UP: 79.0c | DOWN: 20.0c | T-206s | ACTIVE
[REALTIME] 1776335100 | UP: 52.0c | DOWN: 47.0c | T-506s | ACTIVE
[REALTIME] 1776335400 | UP: 50.0c | DOWN: 49.0c | T-806s | ACTIVE
[REALTIME] 1776334800 | UP: 79.0c | DOWN: 20.0c | T-205s | ACTIVE
[REALTIME] 1776335100 | UP: 52.0c | DOWN: 47.0c | T-505s | ACTIVE
[REALTIME] 1776335400 | UP: 50.0c | DOWN: 49.0c | T-805s | ACTIVE
[REALTIME] 1776334800 | UP: 79.0c | DOWN: 20.0c | T-205s | ACTIVE
[REALTIME] 1776335100 | UP: 52.0c | DOWN: 47.0c | T-505s | ACTIVE
[REALTIME] 1776335400 | UP: 50.0c | DOWN: 49.0c | T-805s | ACTIVE
[REALTIME] 1776334800 | UP: 79.0c | DOWN: 20.0c | T-204s | ACTIVE
[REALTIME] 1776335100 | UP: 52.0c | DOWN: 47.0c | T-504s | ACTIVE
[REALTIME] 1776335400 | UP: 50.0c | DOWN: 49.0c | T-804s | ACTIVE
[REALTIME] 1776334800 | UP: 79.0c | DOWN: 20.0c | T-204s | ACTIVE
[REALTIME] 1776335100 | UP: 52.0c | DOWN: 47.0c | T-504s | ACTIVE
[REALTIME] 1776335400 | UP: 50.0c | DOWN: 49.0c | T-804s | ACTIVE
[REALTIME] 1776334800 | UP: 79.0c | DOWN: 20.0c | T-203s | ACTIVE
[REALTIME] 1776335100 | UP: 52.0c | DOWN: 47.0c | T-503s | ACTIVE
[REALTIME] 1776335400 | UP: 50.0c | DOWN: 49.0c | T-803s | ACTIVE
[REALTIME] 1776334800 | UP: 79.0c | DOWN: 20.0c | T-203s | ACTIVE
[REALTIME] 1776335100 | UP: 52.0c | DOWN: 47.0c | T-503s | ACTIVE
[REALTIME] 1776335400 | UP: 50.0c | DOWN: 49.0c | T-803s | ACTIVE
[REALTIME] 1776334800 | UP: 79.0c | DOWN: 20.0c | T-202s | ACTIVE
[REALTIME] 1776335100 | UP: 52.0c | DOWN: 47.0c | T-502s | ACTIVE
[REALTIME] 1776335400 | UP: 50.0c | DOWN: 49.0c | T-802s | ACTIVE
[REALTIME] 1776334800 | UP: 79.0c | DOWN: 20.0c | T-202s | ACTIVE
[REALTIME] 1776335100 | UP: 52.0c | DOWN: 47.0c | T-502s | ACTIVE
[REALTIME] 1776335400 | UP: 50.0c | DOWN: 49.0c | T-802s | ACTIVE
[REALTIME] 1776334800 | UP: 79.0c | DOWN: 20.0c | T-201s | ACTIVE
[REALTIME] 1776335100 | UP: 52.0c | DOWN: 47.0c | T-501s | ACTIVE
[REALTIME] 1776335400 | UP: 50.0c | DOWN: 49.0c | T-801s | ACTIVE
[REALTIME] 1776334800 | UP: 79.0c | DOWN: 20.0c | T-201s | ACTIVE
[REALTIME] 1776335100 | UP: 52.0c | DOWN: 47.0c | T-501s | ACTIVE
[REALTIME] 1776335400 | UP: 50.0c | DOWN: 49.0c | T-801s | ACTIVE
[REALTIME] 1776334800 | UP: 79.0c | DOWN: 20.0c | T-200s | ACTIVE
[REALTIME] 1776335100 | UP: 52.0c | DOWN: 47.0c | T-500s | ACTIVE
[REALTIME] 1776335400 | UP: 50.0c | DOWN: 49.0c | T-800s | ACTIVE
[REALTIME] 1776334800 | UP: 79.0c | DOWN: 20.0c | T-200s | ACTIVE
[REALTIME] 1776335100 | UP: 52.0c | DOWN: 47.0c | T-500s | ACTIVE
[REALTIME] 1776335400 | UP: 50.0c | DOWN: 49.0c | T-800s | ACTIVE
[REALTIME] 1776334800 | UP: 79.0c | DOWN: 20.0c | T-199s | ACTIVE
[REALTIME] 1776335100 | UP: 52.0c | DOWN: 47.0c | T-499s | ACTIVE
[REALTIME] 1776335400 | UP: 50.0c | DOWN: 49.0c | T-799s | ACTIVE
[REALTIME] 1776334800 | UP: 79.0c | DOWN: 20.0c | T-199s | ACTIVE
[REALTIME] 1776335100 | UP: 52.0c | DOWN: 47.0c | T-499s | ACTIVE
[REALTIME] 1776335400 | UP: 50.0c | DOWN: 49.0c | T-799s | ACTIVE
[REALTIME] 1776334800 | UP: 79.0c | DOWN: 20.0c | T-198s | ACTIVE
[REALTIME] 1776335100 | UP: 52.0c | DOWN: 47.0c | T-498s | ACTIVE
[REALTIME] 1776335400 | UP: 50.0c | DOWN: 49.0c | T-798s | ACTIVE
[REALTIME] 1776334800 | UP: 79.0c | DOWN: 20.0c | T-198s | ACTIVE
[REALTIME] 1776335100 | UP: 52.0c | DOWN: 47.0c | T-498s | ACTIVE
[REALTIME] 1776335400 | UP: 50.0c | DOWN: 49.0c | T-798s | ACTIVE
[REALTIME] 1776334800 | UP: 79.0c | DOWN: 20.0c | T-197s | ACTIVE
[REALTIME] 1776335100 | UP: 52.0c | DOWN: 47.0c | T-497s | ACTIVE
[REALTIME] 1776335400 | UP: 50.0c | DOWN: 49.0c | T-797s | ACTIVE
[REALTIME] 1776334800 | UP: 79.0c | DOWN: 20.0c | T-197s | ACTIVE
[REALTIME] 1776335100 | UP: 52.0c | DOWN: 47.0c | T-497s | ACTIVE
[REALTIME] 1776335400 | UP: 50.0c | DOWN: 49.0c | T-797s | ACTIVE
[REALTIME] 1776334800 | UP: 80.0c | DOWN: 19.0c | T-196s | ACTIVE
[REALTIME] 1776335100 | UP: 52.0c | DOWN: 47.0c | T-496s | ACTIVE
[REALTIME] 1776335400 | UP: 50.0c | DOWN: 49.0c | T-796s | ACTIVE
[REALTIME] 1776334800 | UP: 80.0c | DOWN: 19.0c | T-196s | ACTIVE
[REALTIME] 1776335100 | UP: 52.0c | DOWN: 47.0c | T-496s | ACTIVE
[REALTIME] 1776335400 | UP: 50.0c | DOWN: 49.0c | T-796s | ACTIVE
[REALTIME] 1776334800 | UP: 80.0c | DOWN: 19.0c | T-195s | ACTIVE
[REALTIME] 1776335100 | UP: 52.0c | DOWN: 47.0c | T-495s | ACTIVE
[REALTIME] 1776335400 | UP: 50.0c | DOWN: 49.0c | T-795s | ACTIVE
[REALTIME] 1776334800 | UP: 81.0c | DOWN: 18.0c | T-195s | ACTIVE
[REALTIME] 1776335100 | UP: 52.0c | DOWN: 47.0c | T-495s | ACTIVE
[REALTIME] 1776335400 | UP: 50.0c | DOWN: 49.0c | T-795s | ACTIVE
[REALTIME] 1776334800 | UP: 81.0c | DOWN: 18.0c | T-194s | ACTIVE
[REALTIME] 1776335100 | UP: 52.0c | DOWN: 47.0c | T-494s | ACTIVE
[REALTIME] 1776335400 | UP: 50.0c | DOWN: 49.0c | T-794s | ACTIVE
[REALTIME] 1776334800 | UP: 82.0c | DOWN: 17.0c | T-194s | ACTIVE
[REALTIME] 1776335100 | UP: 52.0c | DOWN: 47.0c | T-494s | ACTIVE
[REALTIME] 1776335400 | UP: 50.0c | DOWN: 49.0c | T-794s | ACTIVE
[REALTIME] 1776334800 | UP: 82.0c | DOWN: 17.0c | T-193s | ACTIVE
[REALTIME] 1776335100 | UP: 52.0c | DOWN: 47.0c | T-493s | ACTIVE
[REALTIME] 1776335400 | UP: 50.0c | DOWN: 49.0c | T-793s | ACTIVE
[REALTIME] 1776334800 | UP: 82.0c | DOWN: 17.0c | T-193s | ACTIVE
[REALTIME] 1776335100 | UP: 52.0c | DOWN: 47.0c | T-493s | ACTIVE
[REALTIME] 1776335400 | UP: 50.0c | DOWN: 49.0c | T-793s | ACTIVE
[REALTIME] 1776334800 | UP: 84.0c | DOWN: 14.0c | T-192s | ACTIVE
[REALTIME] 1776335100 | UP: 52.0c | DOWN: 47.0c | T-492s | ACTIVE
[REALTIME] 1776335400 | UP: 50.0c | DOWN: 49.0c | T-792s | ACTIVE
[REALTIME] 1776334800 | UP: 85.0c | DOWN: 14.0c | T-192s | ACTIVE
[REALTIME] 1776335100 | UP: 52.0c | DOWN: 47.0c | T-492s | ACTIVE
[REALTIME] 1776335400 | UP: 50.0c | DOWN: 49.0c | T-792s | ACTIVE
[REALTIME] 1776334800 | UP: 86.0c | DOWN: 13.0c | T-191s | ACTIVE
[REALTIME] 1776335100 | UP: 52.0c | DOWN: 47.0c | T-491s | ACTIVE
[REALTIME] 1776335400 | UP: 50.0c | DOWN: 49.0c | T-791s | ACTIVE
[REALTIME] 1776334800 | UP: 86.0c | DOWN: 13.0c | T-191s | ACTIVE
[REALTIME] 1776335100 | UP: 52.0c | DOWN: 47.0c | T-491s | ACTIVE
[REALTIME] 1776335400 | UP: 50.0c | DOWN: 49.0c | T-791s | ACTIVE
[REALTIME] 1776334800 | UP: 86.0c | DOWN: 13.0c | T-190s | ACTIVE
[REALTIME] 1776335100 | UP: 52.0c | DOWN: 47.0c | T-490s | ACTIVE
[REALTIME] 1776335400 | UP: 50.0c | DOWN: 49.0c | T-790s | ACTIVE
[REALTIME] 1776334800 | UP: 86.0c | DOWN: 13.0c | T-190s | ACTIVE
[REALTIME] 1776335100 | UP: 52.0c | DOWN: 47.0c | T-490s | ACTIVE
[REALTIME] 1776335400 | UP: 50.0c | DOWN: 49.0c | T-790s | ACTIVE
[REALTIME] 1776334800 | UP: 86.0c | DOWN: 13.0c | T-189s | ACTIVE
[REALTIME] 1776335100 | UP: 52.0c | DOWN: 47.0c | T-489s | ACTIVE
[REALTIME] 1776335400 | UP: 50.0c | DOWN: 49.0c | T-789s | ACTIVE
[REALTIME] 1776334800 | UP: 86.0c | DOWN: 13.0c | T-189s | ACTIVE
[REALTIME] 1776335100 | UP: 52.0c | DOWN: 47.0c | T-489s | ACTIVE
[REALTIME] 1776335400 | UP: 50.0c | DOWN: 49.0c | T-789s | ACTIVE
[AUTO-TP] AUTO-TP reached for btc-updown-5m-1776334800: 20.8%
[REALTIME] 1776334800 | UP: 87.0c | DOWN: 12.0c | T-188s | ACTIVE
[AUTO] 🔥 EXECUTED Yes order for btc-updown-5m-1776334800 at 87.0%
[REALTIME] 1776335100 | UP: 52.0c | DOWN: 47.0c | T-488s | ACTIVE
[REALTIME] 1776335400 | UP: 50.0c | DOWN: 49.0c | T-788s | ACTIVE
[REALTIME] 1776334800 | UP: 87.0c | DOWN: 12.0c | T-188s | ACTIVE
[REALTIME] 1776335100 | UP: 52.0c | DOWN: 47.0c | T-488s | ACTIVE
[REALTIME] 1776335400 | UP: 50.0c | DOWN: 49.0c | T-788s | ACTIVE
[REALTIME] 1776334800 | UP: 87.0c | DOWN: 12.0c | T-187s | ACTIVE
[REALTIME] 1776335100 | UP: 52.0c | DOWN: 47.0c | T-487s | ACTIVE
[REALTIME] 1776335400 | UP: 50.0c | DOWN: 49.0c | T-787s | ACTIVE
[REALTIME] 1776334800 | UP: 87.0c | DOWN: 12.0c | T-187s | ACTIVE
[REALTIME] 1776335100 | UP: 52.0c | DOWN: 47.0c | T-487s | ACTIVE
[REALTIME] 1776335400 | UP: 50.0c | DOWN: 49.0c | T-787s | ACTIVE
[REALTIME] 1776334800 | UP: 87.0c | DOWN: 12.0c | T-186s | ACTIVE
[REALTIME] 1776335100 | UP: 52.0c | DOWN: 47.0c | T-486s | ACTIVE
[REALTIME] 1776335400 | UP: 50.0c | DOWN: 49.0c | T-786s | ACTIVE
[REALTIME] 1776334800 | UP: 87.0c | DOWN: 12.0c | T-186s | ACTIVE
[REALTIME] 1776335100 | UP: 52.0c | DOWN: 47.0c | T-486s | ACTIVE
[REALTIME] 1776335400 | UP: 50.0c | DOWN: 49.0c | T-786s | ACTIVE
[REALTIME] 1776334800 | UP: 87.0c | DOWN: 12.0c | T-185s | ACTIVE
[REALTIME] 1776335100 | UP: 52.0c | DOWN: 47.0c | T-485s | ACTIVE
[REALTIME] 1776335400 | UP: 50.0c | DOWN: 49.0c | T-785s | ACTIVE
[REALTIME] 1776334800 | UP: 87.0c | DOWN: 12.0c | T-185s | ACTIVE
[REALTIME] 1776335100 | UP: 52.0c | DOWN: 47.0c | T-485s | ACTIVE
[REALTIME] 1776335400 | UP: 50.0c | DOWN: 49.0c | T-785s | ACTIVE
[REALTIME] 1776334800 | UP: 87.0c | DOWN: 12.0c | T-184s | ACTIVE
[REALTIME] 1776335100 | UP: 52.0c | DOWN: 47.0c | T-484s | ACTIVE
[REALTIME] 1776335400 | UP: 50.0c | DOWN: 49.0c | T-784s | ACTIVE
[REALTIME] 1776334800 | UP: 87.0c | DOWN: 12.0c | T-184s | ACTIVE
[REALTIME] 1776335100 | UP: 52.0c | DOWN: 47.0c | T-484s | ACTIVE
[REALTIME] 1776335400 | UP: 50.0c | DOWN: 49.0c | T-784s | ACTIVE
[REALTIME] 1776334800 | UP: 87.0c | DOWN: 12.0c | T-183s | ACTIVE
[REALTIME] 1776335100 | UP: 52.0c | DOWN: 47.0c | T-483s | ACTIVE
[REALTIME] 1776335400 | UP: 50.0c | DOWN: 49.0c | T-783s | ACTIVE
[REALTIME] 1776334800 | UP: 87.0c | DOWN: 12.0c | T-183s | ACTIVE
[REALTIME] 1776335100 | UP: 52.0c | DOWN: 47.0c | T-483s | ACTIVE
[REALTIME] 1776335400 | UP: 50.0c | DOWN: 49.0c | T-783s | ACTIVE
[REALTIME] 1776334800 | UP: 87.0c | DOWN: 12.0c | T-182s | ACTIVE
[REALTIME] 1776335100 | UP: 52.0c | DOWN: 47.0c | T-482s | ACTIVE
[REALTIME] 1776335400 | UP: 50.0c | DOWN: 49.0c | T-782s | ACTIVE
[REALTIME] 1776334800 | UP: 87.0c | DOWN: 12.0c | T-182s | ACTIVE
[REALTIME] 1776335100 | UP: 52.0c | DOWN: 47.0c | T-482s | ACTIVE
[REALTIME] 1776335400 | UP: 50.0c | DOWN: 49.0c | T-782s | ACTIVE
[REALTIME] 1776334800 | UP: 86.0c | DOWN: 13.0c | T-181s | ACTIVE
[REALTIME] 1776335100 | UP: 52.0c | DOWN: 47.0c | T-481s | ACTIVE
[REALTIME] 1776335400 | UP: 50.0c | DOWN: 49.0c | T-781s | ACTIVE
[REALTIME] 1776334800 | UP: 86.0c | DOWN: 13.0c | T-181s | ACTIVE
[REALTIME] 1776335100 | UP: 52.0c | DOWN: 47.0c | T-481s | ACTIVE
[REALTIME] 1776335400 | UP: 50.0c | DOWN: 49.0c | T-781s | ACTIVE
[REALTIME] 1776334800 | UP: 85.0c | DOWN: 14.0c | T-180s | ACTIVE
[REALTIME] 1776335100 | UP: 52.0c | DOWN: 47.0c | T-480s | ACTIVE
[REALTIME] 1776335400 | UP: 50.0c | DOWN: 49.0c | T-780s | ACTIVE
[REALTIME] 1776334800 | UP: 80.0c | DOWN: 19.0c | T-180s | ACTIVE
[REALTIME] 1776335100 | UP: 52.0c | DOWN: 47.0c | T-480s | ACTIVE
[REALTIME] 1776335400 | UP: 50.0c | DOWN: 49.0c | T-780s | ACTIVE
[REALTIME] 1776334800 | UP: 80.0c | DOWN: 19.0c | T-179s | ACTIVE
[REALTIME] 1776335100 | UP: 52.0c | DOWN: 47.0c | T-479s | ACTIVE
[REALTIME] 1776335400 | UP: 50.0c | DOWN: 49.0c | T-779s | ACTIVE
[REALTIME] 1776334800 | UP: 80.0c | DOWN: 19.0c | T-179s | ACTIVE
[REALTIME] 1776335100 | UP: 52.0c | DOWN: 47.0c | T-479s | ACTIVE
[REALTIME] 1776335400 | UP: 50.0c | DOWN: 49.0c | T-779s | ACTIVE
[REALTIME] 1776334800 | UP: 80.0c | DOWN: 19.0c | T-178s | ACTIVE
[REALTIME] 1776335100 | UP: 52.0c | DOWN: 47.0c | T-478s | ACTIVE
[REALTIME] 1776335400 | UP: 50.0c | DOWN: 49.0c | T-778s | ACTIVE
[REALTIME] 1776334800 | UP: 80.0c | DOWN: 19.0c | T-178s | ACTIVE
[REALTIME] 1776335100 | UP: 52.0c | DOWN: 47.0c | T-478s | ACTIVE
[REALTIME] 1776335400 | UP: 50.0c | DOWN: 49.0c | T-778s | ACTIVE
[REALTIME] 1776334800 | UP: 80.0c | DOWN: 19.0c | T-177s | ACTIVE
[REALTIME] 1776335100 | UP: 52.0c | DOWN: 47.0c | T-477s | ACTIVE
[REALTIME] 1776335400 | UP: 50.0c | DOWN: 49.0c | T-777s | ACTIVE
[REALTIME] 1776334800 | UP: 80.0c | DOWN: 19.0c | T-177s | ACTIVE
[REALTIME] 1776335100 | UP: 52.0c | DOWN: 47.0c | T-477s | ACTIVE
[REALTIME] 1776335400 | UP: 50.0c | DOWN: 49.0c | T-777s | ACTIVE
[REALTIME] 1776334800 | UP: 80.0c | DOWN: 19.0c | T-176s | ACTIVE
[REALTIME] 1776335100 | UP: 52.0c | DOWN: 47.0c | T-476s | ACTIVE
[REALTIME] 1776335400 | UP: 50.0c | DOWN: 49.0c | T-776s | ACTIVE
[REALTIME] 1776334800 | UP: 80.0c | DOWN: 19.0c | T-176s | ACTIVE
[REALTIME] 1776335100 | UP: 52.0c | DOWN: 47.0c | T-476s | ACTIVE
[REALTIME] 1776335400 | UP: 50.0c | DOWN: 49.0c | T-776s | ACTIVE
[REALTIME] 1776334800 | UP: 80.0c | DOWN: 19.0c | T-175s | ACTIVE
[REALTIME] 1776335100 | UP: 52.0c | DOWN: 47.0c | T-475s | ACTIVE
[REALTIME] 1776335400 | UP: 50.0c | DOWN: 49.0c | T-775s | ACTIVE
[REALTIME] 1776334800 | UP: 80.0c | DOWN: 19.0c | T-175s | ACTIVE
[REALTIME] 1776335100 | UP: 52.0c | DOWN: 47.0c | T-475s | ACTIVE
[REALTIME] 1776335400 | UP: 50.0c | DOWN: 49.0c | T-775s | ACTIVE
[REALTIME] 1776334800 | UP: 80.0c | DOWN: 19.0c | T-174s | ACTIVE
[REALTIME] 1776335100 | UP: 52.0c | DOWN: 47.0c | T-474s | ACTIVE
[REALTIME] 1776335400 | UP: 50.0c | DOWN: 49.0c | T-774s | ACTIVE
[REALTIME] 1776334800 | UP: 80.0c | DOWN: 19.0c | T-174s | ACTIVE
[REALTIME] 1776335100 | UP: 52.0c | DOWN: 47.0c | T-474s | ACTIVE
[REALTIME] 1776335400 | UP: 50.0c | DOWN: 49.0c | T-774s | ACTIVE
[REALTIME] 1776334800 | UP: 80.0c | DOWN: 19.0c | T-173s | ACTIVE
[REALTIME] 1776335100 | UP: 52.0c | DOWN: 47.0c | T-473s | ACTIVE
[REALTIME] 1776335400 | UP: 50.0c | DOWN: 49.0c | T-773s | ACTIVE
[REALTIME] 1776334800 | UP: 80.0c | DOWN: 19.0c | T-173s | ACTIVE
[REALTIME] 1776335100 | UP: 52.0c | DOWN: 47.0c | T-473s | ACTIVE
[REALTIME] 1776335400 | UP: 50.0c | DOWN: 49.0c | T-773s | ACTIVE
[REALTIME] 1776334800 | UP: 80.0c | DOWN: 19.0c | T-172s | ACTIVE
[REALTIME] 1776335100 | UP: 52.0c | DOWN: 47.0c | T-472s | ACTIVE
[REALTIME] 1776335400 | UP: 50.0c | DOWN: 49.0c | T-772s | ACTIVE
[REALTIME] 1776334800 | UP: 80.0c | DOWN: 19.0c | T-172s | ACTIVE
[REALTIME] 1776335100 | UP: 52.0c | DOWN: 47.0c | T-472s | ACTIVE
[REALTIME] 1776335400 | UP: 50.0c | DOWN: 49.0c | T-772s | ACTIVE
[REALTIME] 1776334800 | UP: 83.0c | DOWN: 16.0c | T-171s | ACTIVE
[REALTIME] 1776335100 | UP: 52.0c | DOWN: 47.0c | T-471s | ACTIVE
[REALTIME] 1776335400 | UP: 50.0c | DOWN: 49.0c | T-771s | ACTIVE
[REALTIME] 1776334800 | UP: 83.0c | DOWN: 16.0c | T-171s | ACTIVE
[REALTIME] 1776335100 | UP: 52.0c | DOWN: 47.0c | T-471s | ACTIVE
[REALTIME] 1776335400 | UP: 50.0c | DOWN: 49.0c | T-771s | ACTIVE
[REALTIME] 1776334800 | UP: 83.0c | DOWN: 16.0c | T-170s | ACTIVE
[REALTIME] 1776335100 | UP: 52.0c | DOWN: 47.0c | T-470s | ACTIVE
[REALTIME] 1776335400 | UP: 50.0c | DOWN: 49.0c | T-770s | ACTIVE
[REALTIME] 1776334800 | UP: 83.0c | DOWN: 16.0c | T-170s | ACTIVE
[REALTIME] 1776335100 | UP: 52.0c | DOWN: 47.0c | T-470s | ACTIVE
[REALTIME] 1776335400 | UP: 50.0c | DOWN: 49.0c | T-770s | ACTIVE
[REALTIME] 1776334800 | UP: 83.0c | DOWN: 16.0c | T-169s | ACTIVE
[REALTIME] 1776335100 | UP: 52.0c | DOWN: 47.0c | T-469s | ACTIVE
[REALTIME] 1776335400 | UP: 50.0c | DOWN: 49.0c | T-769s | ACTIVE
[REALTIME] 1776334800 | UP: 83.0c | DOWN: 16.0c | T-169s | ACTIVE
[REALTIME] 1776335100 | UP: 52.0c | DOWN: 47.0c | T-469s | ACTIVE
[REALTIME] 1776335400 | UP: 50.0c | DOWN: 49.0c | T-769s | ACTIVE
[REALTIME] 1776334800 | UP: 83.0c | DOWN: 16.0c | T-168s | ACTIVE
[REALTIME] 1776335100 | UP: 52.0c | DOWN: 47.0c | T-468s | ACTIVE
[REALTIME] 1776335400 | UP: 50.0c | DOWN: 49.0c | T-768s | ACTIVE
[REALTIME] 1776334800 | UP: 83.0c | DOWN: 16.0c | T-168s | ACTIVE
[REALTIME] 1776335100 | UP: 52.0c | DOWN: 47.0c | T-468s | ACTIVE
[REALTIME] 1776335400 | UP: 50.0c | DOWN: 49.0c | T-768s | ACTIVE
[REALTIME] 1776334800 | UP: 85.0c | DOWN: 14.0c | T-167s | ACTIVE
[REALTIME] 1776335100 | UP: 52.0c | DOWN: 47.0c | T-467s | ACTIVE
[REALTIME] 1776335400 | UP: 50.0c | DOWN: 49.0c | T-767s | ACTIVE
[REALTIME] 1776334800 | UP: 86.0c | DOWN: 13.0c | T-167s | ACTIVE
[REALTIME] 1776335100 | UP: 52.0c | DOWN: 47.0c | T-467s | ACTIVE
[REALTIME] 1776335400 | UP: 50.0c | DOWN: 49.0c | T-767s | ACTIVE
[REALTIME] 1776334800 | UP: 87.0c | DOWN: 12.0c | T-166s | ACTIVE
[REALTIME] 1776335100 | UP: 52.0c | DOWN: 47.0c | T-466s | ACTIVE
[REALTIME] 1776335400 | UP: 50.0c | DOWN: 49.0c | T-766s | ACTIVE
[REALTIME] 1776334800 | UP: 87.0c | DOWN: 12.0c | T-166s | ACTIVE
[REALTIME] 1776335100 | UP: 52.0c | DOWN: 47.0c | T-466s | ACTIVE
[REALTIME] 1776335400 | UP: 50.0c | DOWN: 49.0c | T-766s | ACTIVE
[REALTIME] 1776334800 | UP: 87.0c | DOWN: 12.0c | T-165s | ACTIVE
[REALTIME] 1776335100 | UP: 52.0c | DOWN: 47.0c | T-465s | ACTIVE
[REALTIME] 1776335400 | UP: 50.0c | DOWN: 49.0c | T-765s | ACTIVE
[REALTIME] 1776334800 | UP: 87.0c | DOWN: 12.0c | T-165s | ACTIVE
[REALTIME] 1776335100 | UP: 52.0c | DOWN: 47.0c | T-465s | ACTIVE
[REALTIME] 1776335400 | UP: 50.0c | DOWN: 49.0c | T-765s | ACTIVE
[REALTIME] 1776334800 | UP: 87.0c | DOWN: 12.0c | T-164s | ACTIVE
[REALTIME] 1776335100 | UP: 52.0c | DOWN: 47.0c | T-464s | ACTIVE
[REALTIME] 1776335400 | UP: 50.0c | DOWN: 49.0c | T-764s | ACTIVE
[REALTIME] 1776334800 | UP: 87.0c | DOWN: 12.0c | T-164s | ACTIVE
[REALTIME] 1776335100 | UP: 52.0c | DOWN: 47.0c | T-464s | ACTIVE
[REALTIME] 1776335400 | UP: 50.0c | DOWN: 49.0c | T-764s | ACTIVE
[REALTIME] 1776334800 | UP: 87.0c | DOWN: 12.0c | T-163s | ACTIVE
[REALTIME] 1776335100 | UP: 52.0c | DOWN: 47.0c | T-463s | ACTIVE
[REALTIME] 1776335400 | UP: 50.0c | DOWN: 49.0c | T-763s | ACTIVE
[REALTIME] 1776334800 | UP: 87.0c | DOWN: 12.0c | T-163s | ACTIVE
[REALTIME] 1776335100 | UP: 52.0c | DOWN: 47.0c | T-463s | ACTIVE
[REALTIME] 1776335400 | UP: 50.0c | DOWN: 49.0c | T-763s | ACTIVE
